Info: Starting: Create HDL design files for synthesis
Info: qsys-generate /homes/user/stud/spring24/ss6960/Desktop/HFT_Embedded_Systems/lab3-hw/soc_system.qsys --synthesis=VERILOG --output-directory=/homes/user/stud/spring24/ss6960/Desktop/HFT_Embedded_Systems/lab3-hw/soc_system/synthesis --family="Cyclone V" --part=5CSEMA5F31C6
Progress: Loading lab3-hw/soc_system.qsys
Progress: Reading input file
Progress: Adding clk_0 [clock_source 21.1]
Progress: Parameterizing module clk_0
Progress: Adding hps_0 [altera_hps 21.1]
Progress: Parameterizing module hps_0
Progress: Adding vga_ball_0 [vga_ball 1.0]
Progress: Parameterizing module vga_ball_0
Progress: Building connections
Progress: Parameterizing connections
Progress: Validating
Progress: Done reading input file
Info: soc_system.hps_0: HPS Main PLL counter settings: n = 0  m = 73
Info: soc_system.hps_0: HPS peripherial PLL counter settings: n = 0  m = 39
Warning: soc_system.vga_ball_0.avalon_slave_0: Signal write[8] of type write must have width [1]
Warning: soc_system.vga_ball_0.avalon_slave_0: Signal readdata appears 2 times (only once is allowed)
Info: soc_system: Generating soc_system "soc_system" for QUARTUS_SYNTH
Info: Interconnect is inserted between master hps_0.h2f_lw_axi_master and slave vga_ball_0.avalon_slave_0 because the master is of type axi and the slave is of type avalon.
Warning: Translator vga_ball_0_avalon_slave_0_translator failed to match interface vga_ball_0.avalon_slave_0
Warning: hps_0.f2h_irq0: Cannot connect clock for irq_mapper.sender
Warning: hps_0.f2h_irq0: Cannot connect reset for irq_mapper.sender
Warning: hps_0.f2h_irq1: Cannot connect clock for irq_mapper_001.sender
Warning: hps_0.f2h_irq1: Cannot connect reset for irq_mapper_001.sender
Info: soc_system: Done "soc_system" with 1 modules, 0 files
Info: qsys-generate succeeded.
Info: Finished: Create HDL design files for synthesis
